#-----------------------------------------------------------
# Vivado v2024.1 (64-bit)
# SW Build 5076996 on Wed May 22 18:37:14 MDT 2024
# IP Build 5075265 on Wed May 22 21:45:21 MDT 2024
# SharedData Build 5076995 on Wed May 22 18:29:18 MDT 2024
# Start of session at: Wed Nov 20 23:25:38 2024
# Process ID: 18544
# Current directory: B:/OneDrive/OneDrive/_School/QORVO_RADIO/Github/Qorvo_F24_SD/Eclypse_TEST/Eclypse_Test_PLL_1/Eclypse_Test_PLL_1.runs/impl_1
# Command line: vivado.exe -log ClockDivider_Block_wrapper.vdi -applog -product Vivado -messageDb vivado.pb -mode batch -source ClockDivider_Block_wrapper.tcl -notrace
# Log file: B:/OneDrive/OneDrive/_School/QORVO_RADIO/Github/Qorvo_F24_SD/Eclypse_TEST/Eclypse_Test_PLL_1/Eclypse_Test_PLL_1.runs/impl_1/ClockDivider_Block_wrapper.vdi
# Journal file: B:/OneDrive/OneDrive/_School/QORVO_RADIO/Github/Qorvo_F24_SD/Eclypse_TEST/Eclypse_Test_PLL_1/Eclypse_Test_PLL_1.runs/impl_1\vivado.jou
# Running On        :AB-Beast
# Platform          :Windows Server 2016 or Windows 10
# Operating System  :22631
# Processor Detail  :Intel(R) Core(TM) i7-10700K CPU @ 3.80GHz
# CPU Frequency     :3792 MHz
# CPU Physical cores:8
# CPU Logical cores :16
# Host memory       :51385 MB
# Swap memory       :7516 MB
# Total Virtual     :58901 MB
# Available Virtual :40488 MB
#-----------------------------------------------------------
source ClockDivider_Block_wrapper.tcl -notrace
